BLASTP 2.3.0+


Query= NP_001001178.1alias1

Length=527

>NP_620158.3
Length=591

 Score = 679 bits (1751),  Expect = 2.23e-247
 Identities = 378/527 (71%), Positives = 431/527 (81%), Gaps = 1/527 (0%)

Query    2  LIKQHKQVWWQEQERLKGIRCKLESEIRSCLNEESIGSECFCELMNFEKELSEEWCAYLT 61
            LIKQHKQVWWQE +RL  +RCK+ESEI+S LNEE+IG+EC C+L NFE+ELSE+ C YL 
Sbjct   65  LIKQHKQVWWQEYQRLNEVRCKMESEIKSLLNEENIGNECLCDLTNFEQELSEQQCTYLK 124

Query   62  AVIDPIQQLRTGLK-RWYPTSQSAPCHEGSDATEVLEEVDFVKKQSKAAFERLHQEQWHL 120
             VI+PIQQLR  LK R + T Q +  H   ++ +VLEEVDFVKKQ K  FERL  EQ  +
Sbjct  125  NVINPIQQLRADLKYRQHHTLQHSHPHIEFNSMKVLEEVDFVKKQLKTVFERLRLEQQRI 184

Query  121  EEDLLDLSVKLLDHSSEEKPNLLSEQPMELVTLDCPYPDLKSSILNEFCNFTERYQEKLE 180
            E DL D S+K+LDHS EEK N LSE P+EL +L+CPYPDLKSSIL+EF  FT++YQ+KL+
Sbjct  185  ENDLSDWSIKILDHSLEEKTNPLSELPIELESLECPYPDLKSSILSEFYKFTQKYQKKLQ 244

Query  181  DFDLQLEDIRSNFQLSAEEHWTYQAVLDQYPGNLLGRRALYLDMLQRYFPHKSRHHLVEH 240
            DF+LQLEDI  N QLS E+HW YQA+LDQYPG+L GRR LYLDMLQRYFPHKSRH LVEH
Sbjct  245  DFNLQLEDIYRNCQLSEEDHWIYQAILDQYPGDLFGRRTLYLDMLQRYFPHKSRHDLVEH 304

Query  241  EKYCDQYHFAREQRRILIDNWSRSRKDFIQKAMLTLLEACAAHEMGSLLAKDRRRQQELC 300
            EKYCDQY FA EQ+ ILI NW++++KDFIQKA+LTL EACA HEM S+LAKD+++QQELC
Sbjct  305  EKYCDQYRFAIEQQNILISNWNKNKKDFIQKAVLTLTEACATHEMESMLAKDKKKQQELC 364

Query  301  ADLKAKVSQWRAQQEELSRLEMEISARRXXXXXEKEKLWKKKELLRREETEIKIRKYWAM 360
            ADLKAKV QWRA QEE++RLEMEISARRXXXXX    LWKKKELL+       I+KYWA 
Sbjct  365  ADLKAKVRQWRAHQEEVARLEMEISARRXXXXXXXXXLWKKKELLQXXXXXXXIKKYWAK 424

Query  361  KQQKWQEMEKRDLRRLEELKKLMAEQSVKDRERVKYRQELLEKRLMERKKLALQEVXXXX 420
            K+QKWQEME RDL+RLEELKKL+AEQS+KDRERVKYRQELLE              XXXX
Sbjct  425  KKQKWQEMEMRDLQRLEELKKLIAEQSLKDRERVKYRQELLEXXXXXXXXXXXXXXXXXX 484

Query  421  XXERRLEALRKQVAVAVQSDPVRMMSETLAWKARTGSESEEEFILQKPLFTLTTYNEQQI 480
            XX RRLEALRKQVAV  Q DPVRMMS+T+A KAR G E EEEFILQKPLFTL TYNEQQI
Sbjct  485  XXARRLEALRKQVAVVAQFDPVRMMSDTMASKARMGIEIEEEFILQKPLFTLNTYNEQQI 544

Query  481  ISDPRLRFELALREAGLHKTQYAKEMLPKIGPQKPPRKDTESTVFKV 527
            ISDPRLRFELALREAGLH+T YAKE+LPKI PQKPPRKD ESTVFK+
Sbjct  545  ISDPRLRFELALREAGLHRTLYAKEILPKISPQKPPRKDMESTVFKI 591

