NP_001001178.1	NP_620158.3	71.7	527	148	1	2	527	65	591	2.23e-247	679
