NP_001001319.2	XP_011540306.1	43.3	178	98	1	288	465	36	210	3.84e-39	129
